// Jest Snapshot v1, https://goo.gl/fbAQLP

exports[`renders homepage unchanged 1`] = `
<div>
  <main
    class="w-screen h-screen flex flex-col justify-center items-center p-4 gap-2 className"
  >
    This Project Only Works on Storybook
    <pre
      class="w-full max-w-xs bg-black rounded p-4 text-white"
    >
      npm ci
      <br />
      npm run storybook
    </pre>
  </main>
</div>
`;
